C:/Users/JGH/Desktop/Farm-Buddy/Core/Src/main.c:180:6:SystemClock_Config	136	static,ignoring_inline_asm
C:/Users/JGH/Desktop/Farm-Buddy/Core/Src/main.c:107:5:main	112	static,ignoring_inline_asm
C:/Users/JGH/Desktop/Farm-Buddy/Core/Src/main.c:782:6:Send_UART_Message	0	static
C:/Users/JGH/Desktop/Farm-Buddy/Core/Src/main.c:787:6:HAL_UART_RxCpltCallback	8	static
C:/Users/JGH/Desktop/Farm-Buddy/Core/Src/main.c:802:6:HAL_TIM_PeriodElapsedCallback	0	static
C:/Users/JGH/Desktop/Farm-Buddy/Core/Src/main.c:819:6:Error_Handler	0	static,ignoring_inline_asm
