../../Middlewares/ST/touchgfx/framework/include/touchgfx/Screen.hpp:104:18:virtual void touchgfx::Screen::afterTransition()	0	static
../../Middlewares/ST/touchgfx/framework/include/touchgfx/Screen.hpp:154:18:virtual void touchgfx::Screen::handleKeyEvent(uint8_t)	0	static
../../TouchGFX/generated/gui_generated/include/gui_generated/mainscreen_screen/MainScreenViewBase.hpp:39:18:virtual void MainScreenViewBase::setTemper()	0	static
C:/Users/JGH/Desktop/Farm-Buddy/TouchGFX/gui/src/mainscreen_screen/MainScreenView.cpp:16:6:virtual void MainScreenView::tearDownScreen()	0	static
../../TouchGFX/gui/include/gui/mainscreen_screen/MainScreenView.hpp:11:13:MainScreenView::~MainScreenView()	8	static
../../TouchGFX/gui/include/gui/mainscreen_screen/MainScreenView.hpp:11:13:virtual MainScreenView::~MainScreenView()	8	static
C:/Users/JGH/Desktop/Farm-Buddy/TouchGFX/gui/src/mainscreen_screen/MainScreenView.cpp:3:1:MainScreenView::MainScreenView()	8	static
C:/Users/JGH/Desktop/Farm-Buddy/TouchGFX/gui/src/mainscreen_screen/MainScreenView.cpp:8:6:virtual void MainScreenView::setupScreen()	16	static
C:/Users/JGH/Desktop/Farm-Buddy/TouchGFX/gui/src/mainscreen_screen/MainScreenView.cpp:22:6:virtual void MainScreenView::handleTickEvent()	16	static
