Screen.hpp:104:18:virtual void touchgfx::Screen::afterTransition()	0	static
Screen.hpp:154:18:virtual void touchgfx::Screen::handleKeyEvent(uint8_t)	0	static
MainScreenView.cpp:18:6:virtual void MainScreenView::tearDownScreen()	0	static
MainScreenView.cpp:57:6:virtual void MainScreenView::graph1Clicked(touchgfx::AbstractDataGraph::GraphClickEvent)	8	static
MainScreenView.cpp:68:6:virtual void MainScreenView::graph1Dragged(touchgfx::AbstractDataGraph::GraphDragEvent)	8	static
MainScreenView.hpp:12:13:MainScreenView::~MainScreenView()	8	static
MainScreenView.hpp:12:13:virtual MainScreenView::~MainScreenView()	8	static
CWRUtil.hpp:300:13:int touchgfx::CWRUtil::Q5::round() const	0	static
CWRUtil.hpp:828:15:static touchgfx::CWRUtil::Q5 touchgfx::CWRUtil::muldiv_toQ5(int32_t, int32_t, int32_t)	24	static
MainScreenView.cpp:5:1:MainScreenView::MainScreenView()	8	static
MainScreenView.cpp:10:6:virtual void MainScreenView::setupScreen()	16	static
MainScreenView.cpp:24:6:virtual void MainScreenView::handleTickEvent()	16	static
MainScreenView.cpp:75:6:virtual void MainScreenView::updateInfoWidgetPosition(int)	56	static
